------------------------------------------------------------
TimeQuest Timing Analyzer Summary
------------------------------------------------------------

Type  : Slow 1200mV 85C Model Setup 'pll_inst|altpll_component|auto_generated|pll1|clk[2]'
Slack : 7.517
TNS   : 0.000

Type  : Slow 1200mV 85C Model Setup 'pll_inst|altpll_component|auto_generated|pll1|clk[1]'
Slack : 33.136
TNS   : 0.000

Type  : Slow 1200mV 85C Model Setup 'altera_reserved_tck'
Slack : 45.972
TNS   : 0.000

Type  : Slow 1200mV 85C Model Hold 'pll_inst|altpll_component|auto_generated|pll1|clk[2]'
Slack : 0.320
TNS   : 0.000

Type  : Slow 1200mV 85C Model Hold 'pll_inst|altpll_component|auto_generated|pll1|clk[1]'
Slack : 0.402
TNS   : 0.000

Type  : Slow 1200mV 85C Model Hold 'altera_reserved_tck'
Slack : 0.403
TNS   : 0.000

Type  : Slow 1200mV 85C Model Recovery 'pll_inst|altpll_component|auto_generated|pll1|clk[2]'
Slack : 12.437
TNS   : 0.000

Type  : Slow 1200mV 85C Model Recovery 'pll_inst|altpll_component|auto_generated|pll1|clk[1]'
Slack : 16.742
TNS   : 0.000

Type  : Slow 1200mV 85C Model Recovery 'altera_reserved_tck'
Slack : 48.284
TNS   : 0.000

Type  : Slow 1200mV 85C Model Removal 'altera_reserved_tck'
Slack : 1.004
TNS   : 0.000

Type  : Slow 1200mV 85C Model Removal 'pll_inst|altpll_component|auto_generated|pll1|clk[1]'
Slack : 2.488
TNS   : 0.000

Type  : Slow 1200mV 85C Model Removal 'pll_inst|altpll_component|auto_generated|pll1|clk[2]'
Slack : 2.600
TNS   : 0.000

Type  : Slow 1200mV 85C Model Minimum Pulse Width 'pll_inst|altpll_component|auto_generated|pll1|clk[2]'
Slack : 9.705
TNS   : 0.000

Type  : Slow 1200mV 85C Model Minimum Pulse Width 'CLOCK_50'
Slack : 9.819
TNS   : 0.000

Type  : Slow 1200mV 85C Model Minimum Pulse Width 'pll_inst|altpll_component|auto_generated|pll1|clk[1]'
Slack : 19.709
TNS   : 0.000

Type  : Slow 1200mV 85C Model Minimum Pulse Width 'altera_reserved_tck'
Slack : 49.545
TNS   : 0.000

Type  : Slow 1200mV 0C Model Setup 'pll_inst|altpll_component|auto_generated|pll1|clk[2]'
Slack : 8.412
TNS   : 0.000

Type  : Slow 1200mV 0C Model Setup 'pll_inst|altpll_component|auto_generated|pll1|clk[1]'
Slack : 33.537
TNS   : 0.000

Type  : Slow 1200mV 0C Model Setup 'altera_reserved_tck'
Slack : 46.403
TNS   : 0.000

Type  : Slow 1200mV 0C Model Hold 'pll_inst|altpll_component|auto_generated|pll1|clk[2]'
Slack : 0.316
TNS   : 0.000

Type  : Slow 1200mV 0C Model Hold 'pll_inst|altpll_component|auto_generated|pll1|clk[1]'
Slack : 0.353
TNS   : 0.000

Type  : Slow 1200mV 0C Model Hold 'altera_reserved_tck'
Slack : 0.354
TNS   : 0.000

Type  : Slow 1200mV 0C Model Recovery 'pll_inst|altpll_component|auto_generated|pll1|clk[2]'
Slack : 13.069
TNS   : 0.000

Type  : Slow 1200mV 0C Model Recovery 'pll_inst|altpll_component|auto_generated|pll1|clk[1]'
Slack : 17.007
TNS   : 0.000

Type  : Slow 1200mV 0C Model Recovery 'altera_reserved_tck'
Slack : 48.556
TNS   : 0.000

Type  : Slow 1200mV 0C Model Removal 'altera_reserved_tck'
Slack : 0.908
TNS   : 0.000

Type  : Slow 1200mV 0C Model Removal 'pll_inst|altpll_component|auto_generated|pll1|clk[1]'
Slack : 2.234
TNS   : 0.000

Type  : Slow 1200mV 0C Model Removal 'pll_inst|altpll_component|auto_generated|pll1|clk[2]'
Slack : 2.335
TNS   : 0.000

Type  : Slow 1200mV 0C Model Minimum Pulse Width 'pll_inst|altpll_component|auto_generated|pll1|clk[2]'
Slack : 9.709
TNS   : 0.000

Type  : Slow 1200mV 0C Model Minimum Pulse Width 'CLOCK_50'
Slack : 9.799
TNS   : 0.000

Type  : Slow 1200mV 0C Model Minimum Pulse Width 'pll_inst|altpll_component|auto_generated|pll1|clk[1]'
Slack : 19.710
TNS   : 0.000

Type  : Slow 1200mV 0C Model Minimum Pulse Width 'altera_reserved_tck'
Slack : 49.477
TNS   : 0.000

Type  : Fast 1200mV 0C Model Setup 'pll_inst|altpll_component|auto_generated|pll1|clk[2]'
Slack : 13.584
TNS   : 0.000

Type  : Fast 1200mV 0C Model Setup 'pll_inst|altpll_component|auto_generated|pll1|clk[1]'
Slack : 36.263
TNS   : 0.000

Type  : Fast 1200mV 0C Model Setup 'altera_reserved_tck'
Slack : 48.347
TNS   : 0.000

Type  : Fast 1200mV 0C Model Hold 'pll_inst|altpll_component|auto_generated|pll1|clk[2]'
Slack : 0.108
TNS   : 0.000

Type  : Fast 1200mV 0C Model Hold 'altera_reserved_tck'
Slack : 0.181
TNS   : 0.000

Type  : Fast 1200mV 0C Model Hold 'pll_inst|altpll_component|auto_generated|pll1|clk[1]'
Slack : 0.181
TNS   : 0.000

Type  : Fast 1200mV 0C Model Recovery 'pll_inst|altpll_component|auto_generated|pll1|clk[2]'
Slack : 15.924
TNS   : 0.000

Type  : Fast 1200mV 0C Model Recovery 'pll_inst|altpll_component|auto_generated|pll1|clk[1]'
Slack : 18.294
TNS   : 0.000

Type  : Fast 1200mV 0C Model Recovery 'altera_reserved_tck'
Slack : 49.487
TNS   : 0.000

Type  : Fast 1200mV 0C Model Removal 'altera_reserved_tck'
Slack : 0.490
TNS   : 0.000

Type  : Fast 1200mV 0C Model Removal 'pll_inst|altpll_component|auto_generated|pll1|clk[1]'
Slack : 1.188
TNS   : 0.000

Type  : Fast 1200mV 0C Model Removal 'pll_inst|altpll_component|auto_generated|pll1|clk[2]'
Slack : 1.258
TNS   : 0.000

Type  : Fast 1200mV 0C Model Minimum Pulse Width 'CLOCK_50'
Slack : 9.400
TNS   : 0.000

Type  : Fast 1200mV 0C Model Minimum Pulse Width 'pll_inst|altpll_component|auto_generated|pll1|clk[2]'
Slack : 9.751
TNS   : 0.000

Type  : Fast 1200mV 0C Model Minimum Pulse Width 'pll_inst|altpll_component|auto_generated|pll1|clk[1]'
Slack : 19.757
TNS   : 0.000

Type  : Fast 1200mV 0C Model Minimum Pulse Width 'altera_reserved_tck'
Slack : 49.301
TNS   : 0.000

------------------------------------------------------------
